(176,0)
(28164,0)
(29942,5)
(29944,6)
(29990,97)
(29995,164)
(30000,546)
(30000,29323)
(29999,29528)
(29997,29873)
(29970,29984)
(29961,29994)
(29523,30000)
(1457,30000)
(773,29997)
(42,29992)
(3,29990)
(1,29425)
(0,26902)
(0,2173)
(2,15)
