(216,0)
(654,1)
(807,3)
(843,6)
(896,14)
(987,78)
(997,97)
(999,513)
(999,958)
(969,999)
(451,999)
(0,998)
(1,375)
(4,204)
(11,41)
(12,36)
(19,17)
(26,12)
(122,3)
